
> Configure project :app
WARNING: The option setting 'android.builtInKotlin=false' is deprecated.
The current default is 'true'.
It will be removed in version 10.0 of the Android Gradle plugin.
WARNING: The option setting 'android.newDsl=false' is deprecated.
The current default is 'true'.
It will be removed in version 10.0 of the Android Gradle plugin.

> Task :app:checkKotlinGradlePluginConfigurationErrors SKIPPED
> Task :app:preBuild UP-TO-DATE
> Task :app:preDebugBuild UP-TO-DATE
> Task :app:generateDebugResources UP-TO-DATE
> Task :app:packageDebugResources UP-TO-DATE
> Task :app:processDebugNavigationResources UP-TO-DATE
> Task :app:parseDebugLocalResources UP-TO-DATE
> Task :app:generateDebugRFile UP-TO-DATE
> Task :app:kaptGenerateStubsDebugKotlin UP-TO-DATE
> Task :app:kaptDebugKotlin UP-TO-DATE

> Task :app:compileDebugKotlin FAILED
e: file:///E:/Mello/app/src/main/java/com/chirag/mello/ui/screens/TimelineScreen.kt:156:26 None of the following candidates is applicable:
8 actionable tasks: 1 executed, 7 up-to-date
fun Modifier.background(brush: Brush, shape: Shape = ..., alpha: Float = ...): Modifier
fun Modifier.background(color: Color, shape: Shape = ...): Modifier
e: file:///E:/Mello/app/src/main/java/com/chirag/mello/ui/screens/TimelineScreen.kt:165:39 Unresolved reference 'painterResource'.
e: file:///E:/Mello/app/src/main/java/com/chirag/mello/viewmodel/JournalViewModel.kt:29:62 No parameter with name 'moodEmoji' found.
e: file:///E:/Mello/app/src/main/java/com/chirag/mello/viewmodel/JournalViewModel.kt:29:62 No value passed for parameter 'mood'.

FAILURE: Build failed with an exception.

* What went wrong:
Execution failed for task ':app:compileDebugKotlin'.
> A failure occurred while executing org.jetbrains.kotlin.compilerRunner.GradleCompilerRunnerWithWorkers$GradleKotlinCompilerWorkAction
   > Compilation error. See log for more details

* Try:
> Run with --stacktrace option to get the stack trace.
> Run with --info or --debug option to get more log output.
> Run with --scan to get full insights from a Build Scan (powered by Develocity).
> Get more help at https://help.gradle.org.

BUILD FAILED in 7s
